   Ôû▓ Next.js 15.5.9

[MDX] updated map file in 30.279899999999998ms
